Drill report for LivSynth_Hardware.kicad_pcb
Created on 2022 September 14, Wednesday 21:26:26

Copper Layer Stackup:
    =============================================================
    L1 :  F.Cu                      front
    L2 :  B.Cu                      back


Drill file 'LivSynth_Hardware-PTH.drl' contains
    plated through holes:
    =============================================================
    T1  0.400mm  0.0157"  (269 holes)
    T2  0.550mm  0.0217"  (2 holes)  (with 2 slots)
    T3  0.750mm  0.0295"  (48 holes)
    T4  0.800mm  0.0315"  (416 holes)
    T5  0.850mm  0.0335"  (2 holes)  (with 2 slots)
    T6  0.900mm  0.0354"  (22 holes)
    T7  1.000mm  0.0394"  (129 holes)  (with 12 slots)
    T8  1.100mm  0.0433"  (22 holes)  (with 18 slots)
    T9  1.200mm  0.0472"  (8 holes)
    T10  1.220mm  0.0480"  (3 holes)
    T11  1.420mm  0.0559"  (3 holes)
    T12  1.430mm  0.0563"  (3 holes)
    T13  1.600mm  0.0630"  (17 holes)  (with 14 slots)
    T14  2.400mm  0.0945"  (2 holes)

    Total plated holes count 946


Drill file 'LivSynth_Hardware-NPTH.drl' contains
    unplated through holes:
    =============================================================
    T1  0.800mm  0.0315"  (2 holes)
    T2  2.600mm  0.1024"  (3 holes)
    T3  3.200mm  0.1260"  (4 holes)

    Total unplated holes count 9
